AutoDock Vina v1.2.5
#################################################################
# If you used AutoDock Vina in your work, please cite:          #
#                                                               #
# J. Eberhardt, D. Santos-Martins, A. F. Tillack, and S. Forli  #
# AutoDock Vina 1.2.0: New Docking Methods, Expanded Force      #
# Field, and Python Bindings, J. Chem. Inf. Model. (2021)       #
# DOI 10.1021/acs.jcim.1c00203                                  #
#                                                               #
# O. Trott, A. J. Olson,                                        #
# AutoDock Vina: improving the speed and accuracy of docking    #
# with a new scoring function, efficient optimization and       #
# multithreading, J. Comp. Chem. (2010)                         #
# DOI 10.1002/jcc.21334                                         #
#                                                               #
# Please see https://github.com/ccsb-scripps/AutoDock-Vina for  #
# more information.                                             #
#################################################################

Scoring function : vina
Rigid receptor: /content/Captopril_1O86/DOCKING/1O86_prot_A.pdbqt
Ligand: /content/Captopril_1O86/DOCKING/SIM/SIM.pdbqt
Grid center: X 40.553 Y 32.798 Z 47.286
Grid size  : X 11.264 Y 20.096 Z 23.73
Grid space : 0.375
Exhaustiveness: 16
CPU: 2
Verbosity: 2

Computing Vina grid ... done.
Performing docking (random seed: 863293704) ... 
0%   10   20   30   40   50   60   70   80   90   100%
|----|----|----|----|----|----|----|----|----|----|
***************************************************
done.
ENERGY FROM SEARCH: -7.65284
FINAL ENERGY: 
Estimated Free Energy of Binding   : -5.581 (kcal/mol) [=(1)+(2)+(3)-(4)]
(1) Final Intermolecular Energy    : -7.213 (kcal/mol)
    Ligand - Receptor              : -7.213 (kcal/mol)
    Ligand - Flex side chains      : 0.000 (kcal/mol)
(2) Final Total Internal Energy    : -0.440 (kcal/mol)
    Ligand                         : -0.440 (kcal/mol)
    Flex   - Receptor              : 0.000 (kcal/mol)
    Flex   - Flex side chains      : 0.000 (kcal/mol)
(3) Torsional Free Energy          : 1.631 (kcal/mol)
(4) Unbound System's Energy        : -0.440 (kcal/mol)
ENERGY FROM SEARCH: -7.420
FINAL ENERGY: 
Estimated Free Energy of Binding   : -5.401 (kcal/mol) [=(1)+(2)+(3)-(4)]
(1) Final Intermolecular Energy    : -7.029 (kcal/mol)
    Ligand - Receptor              : -7.029 (kcal/mol)
    Ligand - Flex side chains      : 0.000 (kcal/mol)
(2) Final Total Internal Energy    : -0.391 (kcal/mol)
    Ligand                         : -0.391 (kcal/mol)
    Flex   - Receptor              : 0.000 (kcal/mol)
    Flex   - Flex side chains      : 0.000 (kcal/mol)
(3) Torsional Free Energy          : 1.579 (kcal/mol)
(4) Unbound System's Energy        : -0.440 (kcal/mol)
ENERGY FROM SEARCH: -7.306
FINAL ENERGY: 
Estimated Free Energy of Binding   : -5.313 (kcal/mol) [=(1)+(2)+(3)-(4)]
(1) Final Intermolecular Energy    : -6.870 (kcal/mol)
    Ligand - Receptor              : -6.870 (kcal/mol)
    Ligand - Flex side chains      : 0.000 (kcal/mol)
(2) Final Total Internal Energy    : -0.436 (kcal/mol)
    Ligand                         : -0.436 (kcal/mol)
    Flex   - Receptor              : 0.000 (kcal/mol)
    Flex   - Flex side chains      : 0.000 (kcal/mol)
(3) Torsional Free Energy          : 1.553 (kcal/mol)
(4) Unbound System's Energy        : -0.440 (kcal/mol)
ENERGY FROM SEARCH: -7.216
FINAL ENERGY: 
Estimated Free Energy of Binding   : -5.243 (kcal/mol) [=(1)+(2)+(3)-(4)]
(1) Final Intermolecular Energy    : -6.772 (kcal/mol)
    Ligand - Receptor              : -6.772 (kcal/mol)
    Ligand - Flex side chains      : 0.000 (kcal/mol)
(2) Final Total Internal Energy    : -0.444 (kcal/mol)
    Ligand                         : -0.444 (kcal/mol)
    Flex   - Receptor              : 0.000 (kcal/mol)
    Flex   - Flex side chains      : 0.000 (kcal/mol)
(3) Torsional Free Energy          : 1.533 (kcal/mol)
(4) Unbound System's Energy        : -0.440 (kcal/mol)
ENERGY FROM SEARCH: -7.186
FINAL ENERGY: 
Estimated Free Energy of Binding   : -5.220 (kcal/mol) [=(1)+(2)+(3)-(4)]
(1) Final Intermolecular Energy    : -6.743 (kcal/mol)
    Ligand - Receptor              : -6.743 (kcal/mol)
    Ligand - Flex side chains      : 0.000 (kcal/mol)
(2) Final Total Internal Energy    : -0.443 (kcal/mol)
    Ligand                         : -0.443 (kcal/mol)
    Flex   - Receptor              : 0.000 (kcal/mol)
    Flex   - Flex side chains      : 0.000 (kcal/mol)
(3) Torsional Free Energy          : 1.526 (kcal/mol)
(4) Unbound System's Energy        : -0.440 (kcal/mol)
ENERGY FROM SEARCH: -7.184
FINAL ENERGY: 
Estimated Free Energy of Binding   : -5.218 (kcal/mol) [=(1)+(2)+(3)-(4)]
(1) Final Intermolecular Energy    : -6.936 (kcal/mol)
    Ligand - Receptor              : -6.936 (kcal/mol)
    Ligand - Flex side chains      : 0.000 (kcal/mol)
(2) Final Total Internal Energy    : -0.248 (kcal/mol)
    Ligand                         : -0.248 (kcal/mol)
    Flex   - Receptor              : 0.000 (kcal/mol)
    Flex   - Flex side chains      : 0.000 (kcal/mol)
(3) Torsional Free Energy          : 1.525 (kcal/mol)
(4) Unbound System's Energy        : -0.440 (kcal/mol)
ENERGY FROM SEARCH: -7.136
FINAL ENERGY: 
Estimated Free Energy of Binding   : -5.182 (kcal/mol) [=(1)+(2)+(3)-(4)]
(1) Final Intermolecular Energy    : -6.879 (kcal/mol)
    Ligand - Receptor              : -6.879 (kcal/mol)
    Ligand - Flex side chains      : 0.000 (kcal/mol)
(2) Final Total Internal Energy    : -0.258 (kcal/mol)
    Ligand                         : -0.258 (kcal/mol)
    Flex   - Receptor              : 0.000 (kcal/mol)
    Flex   - Flex side chains      : 0.000 (kcal/mol)
(3) Torsional Free Energy          : 1.515 (kcal/mol)
(4) Unbound System's Energy        : -0.440 (kcal/mol)
ENERGY FROM SEARCH: -6.998
FINAL ENERGY: 
Estimated Free Energy of Binding   : -5.074 (kcal/mol) [=(1)+(2)+(3)-(4)]
(1) Final Intermolecular Energy    : -6.482 (kcal/mol)
    Ligand - Receptor              : -6.482 (kcal/mol)
    Ligand - Flex side chains      : 0.000 (kcal/mol)
(2) Final Total Internal Energy    : -0.516 (kcal/mol)
    Ligand                         : -0.516 (kcal/mol)
    Flex   - Receptor              : 0.000 (kcal/mol)
    Flex   - Flex side chains      : 0.000 (kcal/mol)
(3) Torsional Free Energy          : 1.483 (kcal/mol)
(4) Unbound System's Energy        : -0.440 (kcal/mol)
ENERGY FROM SEARCH: -6.977
FINAL ENERGY: 
Estimated Free Energy of Binding   : -5.058 (kcal/mol) [=(1)+(2)+(3)-(4)]
(1) Final Intermolecular Energy    : -6.617 (kcal/mol)
    Ligand - Receptor              : -6.617 (kcal/mol)
    Ligand - Flex side chains      : 0.000 (kcal/mol)
(2) Final Total Internal Energy    : -0.360 (kcal/mol)
    Ligand                         : -0.360 (kcal/mol)
    Flex   - Receptor              : 0.000 (kcal/mol)
    Flex   - Flex side chains      : 0.000 (kcal/mol)
(3) Torsional Free Energy          : 1.479 (kcal/mol)
(4) Unbound System's Energy        : -0.440 (kcal/mol)

mode |   affinity | dist from best mode
     | (kcal/mol) | rmsd l.b.| rmsd u.b.
-----+------------+----------+----------
   1      -5.5814     0.0000     0.0000
   2      -5.4012     8.1653    10.0042
   3      -5.3134     7.9401     9.3385
   4      -5.2430     9.3326    10.2986
   5      -5.2204     7.6522     9.0715
   6      -5.2185     7.4278     9.3157
   7      -5.1817     1.7695     2.3068
   8      -5.0745    10.3302    11.5694
   9      -5.0584     8.6313     9.8404
