ClearML Task: created new task id=854cf77168e241d3876ff94d9e7b1dff
ClearML results page: https://app.clear.ml/projects/f02014512ec749b79fab36ec71d34d44/experiments/854cf77168e241d3876ff94d9e7b1dff/output/log
ClearML pipeline page: https://app.clear.ml/pipelines/f02014512ec749b79fab36ec71d34d44/experiments/854cf77168e241d3876ff94d9e7b1dff
Launching the next 1 steps
Launching step [Step One]
Launching step: Step One
Parameters:
None
Configurations:
{}
Overrides:
{}
ClearML results page: https://app.clear.ml/projects/f02014512ec749b79fab36ec71d34d44/experiments/40661a447def49868bd50d25ff1fada7/output/log
Step One Complete!
ClearML Monitor: GPU monitoring failed getting GPU reading, switching off GPU monitoring
Launching the next 1 steps
Launching step [Step Two]
Launching step: Step Two
Parameters:
None
Configurations:
{}
Overrides:
{}
ClearML results page: https://app.clear.ml/projects/f02014512ec749b79fab36ec71d34d44/experiments/e335264ed82347cb92b596d519e89ea3/output/log
Step Two Complete!
ClearML Monitor: GPU monitoring failed getting GPU reading, switching off GPU monitoring
Launching the next 0 steps